// Jest Snapshot v1, https://goo.gl/fbAQLP

exports[`Layout renders correctly 1`] = `
Array [
  <header
    style={
      Object {
        "background": "rebeccapurple",
        "marginBottom": "1.45rem",
      }
    }
  >
    <div
      style={
        Object {
          "margin": "0 auto",
          "maxWidth": 960,
          "padding": "1.45rem 1.0875rem",
        }
      }
    >
      <h1
        style={
          Object {
            "margin": 0,
          }
        }
      >
        <a
          href="/"
          style={
            Object {
              "color": "white",
              "textDecoration": "none",
            }
          }
        >
          GatsbyJS
        </a>
      </h1>
    </div>
  </header>,
  <div>
    <main>
      <main>
        <h1>
          hello
        </h1>
      </main>
    </main>
    <footer>
      Â© 
      2021
      , Built with
       
      <a
        href="https://www.gatsbyjs.com"
      >
        Gatsby
      </a>
    </footer>
  </div>,
]
`;
